// Jest Snapshot v1, https://goo.gl/fbAQLP

exports[`Table has a valid snapshot 1`] = `
<div
  className="table"
>
  <div
    className="table-row"
  >
    <span
      style={
        Object {
          "width": "40%",
        }
      }
    >
      <a>
        1
      </a>
    </span>
    <span
      style={
        Object {
          "width": "40%",
        }
      }
    >
      1
    </span>
    <span
      style={
        Object {
          "width": "40%",
        }
      }
    >
      1
    </span>
    <span
      style={
        Object {
          "width": "40%",
        }
      }
    >
      2
    </span>
    <span
      style={
        Object {
          "width": "40%",
        }
      }
    >
      <button
        className="button-inline"
        onClick={[Function]}
        type="button"
      >
        Dismiss
      </button>
    </span>
  </div>
  <div
    className="table-row"
  >
    <span
      style={
        Object {
          "width": "40%",
        }
      }
    >
      <a>
        2
      </a>
    </span>
    <span
      style={
        Object {
          "width": "40%",
        }
      }
    >
      2
    </span>
    <span
      style={
        Object {
          "width": "40%",
        }
      }
    >
      1
    </span>
    <span
      style={
        Object {
          "width": "40%",
        }
      }
    >
      2
    </span>
    <span
      style={
        Object {
          "width": "40%",
        }
      }
    >
      <button
        className="button-inline"
        onClick={[Function]}
        type="button"
      >
        Dismiss
      </button>
    </span>
  </div>
</div>
`;
